{
 "artifacts": [
  {
   "id": "66ba429119b8bec6",
   "name": "package-1",
   "version": "1.0.1",
   "type": "python",
   "foundBy": "the-cataloger-1",
   "locations": [
    {
     "path": "/somefile-1.txt",
     "layerID": "sha256:1f81e31b95fc8faee977cec0c9e2e7c7f8ee3b2ac44263a644e13a99daae33cd"
    }
   ],
   "licenses": [
    "MIT"
   ],
   "language": "python",
   "cpes": [
    "cpe:2.3:*:some:package:1:*:*:*:*:*:*:*"
   ],
   "purl": "a-purl-1",
   "metadataType": "PythonPackageMetadata",
   "metadata": {
    "name": "package-1",
    "version": "1.0.1",
    "license": "",
    "author": "",
    "authorEmail": "",
    "platform": "",
    "sitePackagesRootPath": ""
   }
  },
  {
   "id": "958443e2d9304af4",
   "name": "package-2",
   "version": "2.0.1",
   "type": "deb",
   "foundBy": "the-cataloger-2",
   "locations": [
    {
     "path": "/somefile-2.txt",
     "layerID": "sha256:1e294a74dcffa572a1a975d2fe82cc05b0832577ec9a35bc7b6fc2231dc6802a"
    }
   ],
   "licenses": [],
   "language": "",
   "cpes": [
    "cpe:2.3:*:some:package:2:*:*:*:*:*:*:*"
   ],
   "purl": "pkg:deb/debian/package-2@2.0.1",
   "metadataType": "DpkgMetadata",
   "metadata": {
    "package": "package-2",
    "source": "",
    "version": "2.0.1",
    "sourceVersion": "",
    "architecture": "",
    "maintainer": "",
    "installedSize": 0,
    "files": null
   }
  }
 ],
 "artifactRelationships": [],
 "source": {
  "type": "image",
  "target": {
   "userInput": "user-image-input",
   "imageID": "sha256:ddd39d286d8bf3f5f918e73688fc7f538d188c6e85444f3a53c19d04da3a2890",
   "manifestDigest": "sha256:2731251dc34951c0e50fcc643b4c5f74922dad1a5d98f302b504cf46cd5d9368",
   "mediaType": "application/vnd.docker.distribution.manifest.v2+json",
   "tags": [
    "stereoscope-fixture-image-simple:85066c51088bdd274f7a89e99e00490f666c49e72ffc955707cd6e18f0e22c5b"
   ],
   "imageSize": 38,
   "layers": [
    {
     "mediaType": "application/vnd.docker.image.rootfs.diff.tar.gzip",
     "digest": "sha256:1f81e31b95fc8faee977cec0c9e2e7c7f8ee3b2ac44263a644e13a99daae33cd",
     "size": 22
    },
    {
     "mediaType": "application/vnd.docker.image.rootfs.diff.tar.gzip",
     "digest": "sha256:1e294a74dcffa572a1a975d2fe82cc05b0832577ec9a35bc7b6fc2231dc6802a",
     "size": 16
    }
   ],
   "manifest": "eyJzY2hlbWFWZXJzaW9uIjoyLCJtZWRpYVR5cGUiOiJhcHBsaWNhdGlvbi92bmQuZG9ja2VyLmRpc3RyaWJ1dGlvbi5tYW5pZmVzdC52Mitqc29uIiwiY29uZmlnIjp7Im1lZGlhVHlwZSI6ImFwcGxpY2F0aW9uL3ZuZC5kb2NrZXIuY29udGFpbmVyLmltYWdlLnYxK2pzb24iLCJzaXplIjo2NjcsImRpZ2VzdCI6InNoYTI1NjpkZGQzOWQyODZkOGJmM2Y1ZjkxOGU3MzY4OGZjN2Y1MzhkMTg4YzZlODU0NDRmM2E1M2MxOWQwNGRhM2EyODkwIn0sImxheWVycyI6W3sibWVkaWFUeXBlIjoiYXBwbGljYXRpb24vdm5kLmRvY2tlci5pbWFnZS5yb290ZnMuZGlmZi50YXIuZ3ppcCIsInNpemUiOjIwNDgsImRpZ2VzdCI6InNoYTI1NjoxZjgxZTMxYjk1ZmM4ZmFlZTk3N2NlYzBjOWUyZTdjN2Y4ZWUzYjJhYzQ0MjYzYTY0NGUxM2E5OWRhYWUzM2NkIn0seyJtZWRpYVR5cGUiOiJhcHBsaWNhdGlvbi92bmQuZG9ja2VyLmltYWdlLnJvb3Rmcy5kaWZmLnRhci5nemlwIiwic2l6ZSI6MjA0OCwiZGlnZXN0Ijoic2hhMjU2OjFlMjk0YTc0ZGNmZmE1NzJhMWE5NzVkMmZlODJjYzA1YjA4MzI1NzdlYzlhMzViYzdiNmZjMjIzMWRjNjgwMmEifV19",
   "config": "eyJhcmNoaXRlY3R1cmUiOiJhbWQ2NCIsImNvbmZpZyI6eyJFbnYiOlsiUEFUSD0vdXNyL2xvY2FsL3NiaW46L3Vzci9sb2NhbC9iaW46L3Vzci9zYmluOi91c3IvYmluOi9zYmluOi9iaW4iXSwiV29ya2luZ0RpciI6Ii8iLCJPbkJ1aWxkIjpudWxsfSwiY3JlYXRlZCI6IjIwMjMtMDEtMTFUMTY6NDQ6NTAuNzIxOTcyMloiLCJoaXN0b3J5IjpbeyJjcmVhdGVkIjoiMjAyMy0wMS0xMVQxNjo0NDo1MC42ODY5OTI0WiIsImNyZWF0ZWRfYnkiOiJBREQgZmlsZS0xLnR4dCAvc29tZWZpbGUtMS50eHQgIyBidWlsZGtpdCIsImNvbW1lbnQiOiJidWlsZGtpdC5kb2NrZXJmaWxlLnYwIn0seyJjcmVhdGVkIjoiMjAyMy0wMS0xMVQxNjo0NDo1MC43MjE5NzIyWiIsImNyZWF0ZWRfYnkiOiJBREQgZmlsZS0yLnR4dCAvc29tZWZpbGUtMi50eHQgIyBidWlsZGtpdCIsImNvbW1lbnQiOiJidWlsZGtpdC5kb2NrZXJmaWxlLnYwIn1dLCJvcyI6ImxpbnV4Iiwicm9vdGZzIjp7InR5cGUiOiJsYXllcnMiLCJkaWZmX2lkcyI6WyJzaGEyNTY6MWY4MWUzMWI5NWZjOGZhZWU5NzdjZWMwYzllMmU3YzdmOGVlM2IyYWM0NDI2M2E2NDRlMTNhOTlkYWFlMzNjZCIsInNoYTI1NjoxZTI5NGE3NGRjZmZhNTcyYTFhOTc1ZDJmZTgyY2MwNWIwODMyNTc3ZWM5YTM1YmM3YjZmYzIyMzFkYzY4MDJhIl19fQ==",
   "repoDigests": []
  }
 },
 "distro": {
  "name": "debian",
  "version": "1.2.3",
  "idLike": "like!"
 },
 "descriptor": {
  "name": "syft",
  "version": "v0.42.0-bogus",
  "configuration": {
   "config-key": "config-value"
  }
 },
 "schema": {
  "version": "2.0.2",
  "url": "https://raw.githubusercontent.com/anchore/syft/main/schema/json/schema-2.0.2.json"
 }
}
