{
  "spdxVersion": "SPDX-2.2",
  "dataLicense": "CC0-1.0",
  "SPDXID": "SPDXRef-DOCUMENT",
  "name": "/some/path",
  "documentNamespace": "https://anchore.com/syft/dir/some/path-3005bc26-568d-4d19-80c1-c954ac36b7f8",
  "creationInfo": {
    "licenseListVersion": "3.16",
    "creators": [
      "Organization: Anchore, Inc",
      "Tool: syft-v0.42.0-bogus"
    ],
    "created": "2023-01-12T20:22:07Z",
    "comment": ""
  },
  "packages": [
    {
      "IsUnpackaged": false,
      "name": "package-1",
      "SPDXID": "SPDXRef-Package-python-package-1-1b1d0be59ac59d2c",
      "versionInfo": "1.0.1",
      "downloadLocation": "NOASSERTION",
      "IsFilesAnalyzedTagPresent": true,
      "packageVerificationCode": {
        "packageVerificationCodeValue": ""
      },
      "checksums": null,
      "sourceInfo": "acquired package info from installed python package manifest file: /some/path/pkg1",
      "licenseConcluded": "MIT",
      "licenseInfoFromFiles": null,
      "licenseDeclared": "MIT",
      "copyrightText": "NOASSERTION",
      "externalRefs": [
        {
          "referenceCategory": "SECURITY",
          "referenceType": "cpe23Type",
          "referenceLocator": "cpe:2.3:*:some:package:2:*:*:*:*:*:*:*",
          "comment": ""
        },
        {
          "referenceCategory": "PACKAGE-MANAGER",
          "referenceType": "purl",
          "referenceLocator": "a-purl-2",
          "comment": ""
        }
      ],
      "Files": null,
      "annotations": null
    },
    {
      "IsUnpackaged": false,
      "name": "package-2",
      "SPDXID": "SPDXRef-Package-deb-package-2-db4abfe497c180d3",
      "versionInfo": "2.0.1",
      "downloadLocation": "NOASSERTION",
      "IsFilesAnalyzedTagPresent": true,
      "packageVerificationCode": {
        "packageVerificationCodeValue": ""
      },
      "checksums": null,
      "sourceInfo": "acquired package info from DPKG DB: /some/path/pkg1",
      "licenseConcluded": "NONE",
      "licenseInfoFromFiles": null,
      "licenseDeclared": "NONE",
      "copyrightText": "NOASSERTION",
      "externalRefs": [
        {
          "referenceCategory": "SECURITY",
          "referenceType": "cpe23Type",
          "referenceLocator": "cpe:2.3:*:some:package:2:*:*:*:*:*:*:*",
          "comment": ""
        },
        {
          "referenceCategory": "PACKAGE-MANAGER",
          "referenceType": "purl",
          "referenceLocator": "pkg:deb/debian/package-2@2.0.1",
          "comment": ""
        }
      ],
      "Files": null,
      "annotations": null
    }
  ],
  "files": null,
  "hasExtractedLicensingInfos": null,
  "relationships": [
    {
      "spdxElementId": "SPDXRef-DOCUMENT",
      "relatedSpdxElement": "SPDXRef-DOCUMENT",
      "relationshipType": "DESCRIBES"
    }
  ],
  "annotations": null,
  "snippets": null,
  "Reviews": null
}
